Archive member included to satisfy reference by file (symbol)

/usr/lib/gcc/arm-none-eabi/9.2.1/libgcc.a(_udivsi3.o)
                              build/stdio.o (__aeabi_uidiv)
/usr/lib/gcc/arm-none-eabi/9.2.1/libgcc.a(_dvmd_tls.o)
                              /usr/lib/gcc/arm-none-eabi/9.2.1/libgcc.a(_udivsi3.o) (__aeabi_idiv0)

Allocating common symbols
Common symbol       size              file

gCurrent_tcb        0x4               build/task.o
gNext_tcb           0x4               build/task.o

Memory Configuration

Name             Origin             Length             Attributes
*default*        0x0000000000000000 0xffffffffffffffff

Linker script and memory map

LOAD build/Entry.os
LOAD build/Main.o
LOAD build/Handler.o
LOAD build/Regs.o
LOAD build/Interrupt.o
LOAD build/Uart.o
LOAD build/Timer.o
LOAD build/stdlib.o
LOAD build/stdio.o
LOAD build/armcpu.o
LOAD build/switch.o
LOAD build/task.o
LOAD build/msg.o
LOAD build/event.o
LOAD build/Kernel.o
LOAD /usr/lib/gcc/arm-none-eabi/9.2.1/libgcc.a
                0x0000000000000000                . = 0x0

.text           0x0000000000000000     0x1eec
 *(vector_start)
 *(.text .rodata)
 .text          0x0000000000000000       0xd4 build/Entry.os
                0x0000000000000000                vector_start
                0x000000000000003c                vector_end
 .text          0x00000000000000d4      0x448 build/Main.o
                0x00000000000000d4                main
                0x000000000000030c                User_task0
                0x0000000000000424                User_task1
                0x00000000000004e4                User_task2
 .rodata        0x000000000000051c      0x14a build/Main.o
 *fill*         0x0000000000000666        0x2 
 .text          0x0000000000000668       0x24 build/Handler.o
                0x0000000000000668                Irq_Handler
                0x0000000000000684                Fiq_Handler
 .text          0x000000000000068c        0x0 build/Regs.o
 .text          0x000000000000068c      0x2f8 build/Interrupt.o
                0x000000000000068c                Hal_interrupt_init
                0x0000000000000728                Hal_interrupt_enable
                0x00000000000007f4                Hal_interrupt_disable
                0x00000000000008c8                Hal_interrupt_register_handler
                0x0000000000000900                Hal_interrupt_run_handler
 .text          0x0000000000000984      0x1d0 build/Uart.o
                0x0000000000000984                Hal_uart_init
                0x0000000000000a24                Hal_uart_put_char
                0x0000000000000a80                Hal_uart_get_char
 .text          0x0000000000000b54      0x210 build/Timer.o
                0x0000000000000b54                Hal_timer_init
                0x0000000000000cf8                Hal_timer_get_1ms_counter
 .text          0x0000000000000d64       0xa8 build/stdlib.o
                0x0000000000000d64                delay
                0x0000000000000db0                memclr
 .text          0x0000000000000e0c      0x444 build/stdio.o
                0x0000000000000e0c                putstr
                0x0000000000000e6c                debug_printf
                0x0000000000000ebc                vsprintf
                0x000000000000113c                utoa
 .rodata        0x0000000000001250        0x7 build/stdio.o
 *fill*         0x0000000000001257        0x1 
 .text          0x0000000000001258       0xb0 build/armcpu.o
                0x0000000000001258                enable_irq
                0x0000000000001284                enable_fiq
                0x00000000000012b0                disable_irq
                0x00000000000012dc                disable_fiq
 .text          0x0000000000001308       0x54 build/switch.o
                0x0000000000001308                Kernel_task_context_switching
                0x0000000000001314                Save_context
                0x0000000000001334                Restore_context
 .text          0x000000000000135c      0x2ac build/task.o
                0x000000000000135c                Kernel_task_init
                0x0000000000001468                Kernel_task_create
                0x00000000000014fc                Kernel_task_scheduler
                0x000000000000154c                Kernel_task_start
 .text          0x0000000000001608      0x41c build/msg.o
                0x0000000000001608                Kernel_msgQ_init
                0x00000000000016b4                Kernel_msgQ_is_empty
                0x000000000000173c                Kernel_msgQ_is_full
                0x00000000000017cc                Kernel_msgQ_enqueue
                0x0000000000001904                Kernel_msgQ_dequeue
 .text          0x0000000000001a24       0xf8 build/event.o
                0x0000000000001a24                Kernel_event_flag_init
                0x0000000000001a4c                Kernel_event_flag_set
                0x0000000000001a8c                Kernel_event_flag_clear
                0x0000000000001ad0                Kernel_event_flag_check
 .text          0x0000000000001b1c      0x2b8 build/Kernel.o
                0x0000000000001b1c                Kernel_start
                0x0000000000001b30                Kernel_yield
                0x0000000000001b44                Kernel_send_events
                0x0000000000001bcc                Kernel_wait_events
                0x0000000000001c68                Kernel_send_msg
                0x0000000000001d40                Kernel_recv_msg
 .text          0x0000000000001dd4      0x114 /usr/lib/gcc/arm-none-eabi/9.2.1/libgcc.a(_udivsi3.o)
                0x0000000000001dd4                __udivsi3
                0x0000000000001dd4                __aeabi_uidiv
                0x0000000000001ec8                __aeabi_uidivmod
 .text          0x0000000000001ee8        0x4 /usr/lib/gcc/arm-none-eabi/9.2.1/libgcc.a(_dvmd_tls.o)
                0x0000000000001ee8                __aeabi_ldiv0
                0x0000000000001ee8                __aeabi_idiv0

.glue_7         0x0000000000001eec        0x0
 .glue_7        0x0000000000001eec        0x0 linker stubs

.glue_7t        0x0000000000001eec        0x0
 .glue_7t       0x0000000000001eec        0x0 linker stubs

.vfp11_veneer   0x0000000000001eec        0x0
 .vfp11_veneer  0x0000000000001eec        0x0 linker stubs

.v4_bx          0x0000000000001eec        0x0
 .v4_bx         0x0000000000001eec        0x0 linker stubs

.iplt           0x0000000000001eec        0x0
 .iplt          0x0000000000001eec        0x0 build/Entry.os

.rel.dyn        0x0000000000001eec        0x0
 .rel.iplt      0x0000000000001eec        0x0 build/Entry.os

.data           0x0000000000001eec       0x10
 *(.data)
 .data          0x0000000000001eec        0x0 build/Entry.os
 .data          0x0000000000001eec        0x0 build/Main.o
 .data          0x0000000000001eec        0x0 build/Handler.o
 .data          0x0000000000001eec       0x10 build/Regs.o
                0x0000000000001eec                Uart
                0x0000000000001ef0                GicCpu
                0x0000000000001ef4                GicDist
                0x0000000000001ef8                Timer
 .data          0x0000000000001efc        0x0 build/Interrupt.o
 .data          0x0000000000001efc        0x0 build/Uart.o
 .data          0x0000000000001efc        0x0 build/Timer.o
 .data          0x0000000000001efc        0x0 build/stdlib.o
 .data          0x0000000000001efc        0x0 build/stdio.o
 .data          0x0000000000001efc        0x0 build/armcpu.o
 .data          0x0000000000001efc        0x0 build/switch.o
 .data          0x0000000000001efc        0x0 build/task.o
 .data          0x0000000000001efc        0x0 build/msg.o
 .data          0x0000000000001efc        0x0 build/event.o
 .data          0x0000000000001efc        0x0 build/Kernel.o
 .data          0x0000000000001efc        0x0 /usr/lib/gcc/arm-none-eabi/9.2.1/libgcc.a(_udivsi3.o)
 .data          0x0000000000001efc        0x0 /usr/lib/gcc/arm-none-eabi/9.2.1/libgcc.a(_dvmd_tls.o)

.igot.plt       0x0000000000001efc        0x0
 .igot.plt      0x0000000000001efc        0x0 build/Entry.os

.bss            0x0000000000001efc      0xfb4
 *(.bss)
 .bss           0x0000000000001efc        0x0 build/Entry.os
 .bss           0x0000000000001efc        0x0 build/Main.o
 .bss           0x0000000000001efc        0x0 build/Handler.o
 .bss           0x0000000000001efc        0x0 build/Regs.o
 .bss           0x0000000000001efc      0x384 build/Interrupt.o
 .bss           0x0000000000002280        0x0 build/Uart.o
 .bss           0x0000000000002280        0x4 build/Timer.o
 .bss           0x0000000000002284        0x0 build/stdlib.o
 .bss           0x0000000000002284      0x400 build/stdio.o
 .bss           0x0000000000002684        0x0 build/armcpu.o
 .bss           0x0000000000002684        0x0 build/switch.o
 .bss           0x0000000000002684      0x208 build/task.o
 .bss           0x000000000000288c      0x618 build/msg.o
 .bss           0x0000000000002ea4        0x4 build/event.o
 .bss           0x0000000000002ea8        0x0 build/Kernel.o
 .bss           0x0000000000002ea8        0x0 /usr/lib/gcc/arm-none-eabi/9.2.1/libgcc.a(_udivsi3.o)
 .bss           0x0000000000002ea8        0x0 /usr/lib/gcc/arm-none-eabi/9.2.1/libgcc.a(_dvmd_tls.o)
 COMMON         0x0000000000002ea8        0x8 build/task.o
                0x0000000000002ea8                gCurrent_tcb
                0x0000000000002eac                gNext_tcb
OUTPUT(build/navilos.axf elf32-littlearm)
LOAD linker stubs

.ARM.attributes
                0x0000000000000000       0x2b
 .ARM.attributes
                0x0000000000000000       0x1d build/Entry.os
 .ARM.attributes
                0x000000000000001d       0x2f build/Main.o
 .ARM.attributes
                0x000000000000004c       0x2f build/Handler.o
 .ARM.attributes
                0x000000000000007b       0x2f build/Regs.o
 .ARM.attributes
                0x00000000000000aa       0x2f build/Interrupt.o
 .ARM.attributes
                0x00000000000000d9       0x2f build/Uart.o
 .ARM.attributes
                0x0000000000000108       0x2f build/Timer.o
 .ARM.attributes
                0x0000000000000137       0x2f build/stdlib.o
 .ARM.attributes
                0x0000000000000166       0x2f build/stdio.o
 .ARM.attributes
                0x0000000000000195       0x2f build/armcpu.o
 .ARM.attributes
                0x00000000000001c4       0x2f build/switch.o
 .ARM.attributes
                0x00000000000001f3       0x2f build/task.o
 .ARM.attributes
                0x0000000000000222       0x2f build/msg.o
 .ARM.attributes
                0x0000000000000251       0x2f build/event.o
 .ARM.attributes
                0x0000000000000280       0x2f build/Kernel.o
 .ARM.attributes
                0x00000000000002af       0x1c /usr/lib/gcc/arm-none-eabi/9.2.1/libgcc.a(_udivsi3.o)
 .ARM.attributes
                0x00000000000002cb       0x1c /usr/lib/gcc/arm-none-eabi/9.2.1/libgcc.a(_dvmd_tls.o)

.comment        0x0000000000000000       0x59
 .comment       0x0000000000000000       0x59 build/Main.o
                                         0x5a (size before relaxing)
 .comment       0x0000000000000059       0x5a build/Handler.o
 .comment       0x0000000000000059       0x5a build/Regs.o
 .comment       0x0000000000000059       0x5a build/Interrupt.o
 .comment       0x0000000000000059       0x5a build/Uart.o
 .comment       0x0000000000000059       0x5a build/Timer.o
 .comment       0x0000000000000059       0x5a build/stdlib.o
 .comment       0x0000000000000059       0x5a build/stdio.o
 .comment       0x0000000000000059       0x5a build/armcpu.o
 .comment       0x0000000000000059       0x5a build/switch.o
 .comment       0x0000000000000059       0x5a build/task.o
 .comment       0x0000000000000059       0x5a build/msg.o
 .comment       0x0000000000000059       0x5a build/event.o
 .comment       0x0000000000000059       0x5a build/Kernel.o

.debug_line     0x0000000000000000      0xd8c
 .debug_line    0x0000000000000000       0x6d build/Entry.os
 .debug_line    0x000000000000006d      0x182 build/Main.o
 .debug_line    0x00000000000001ef       0x4e build/Handler.o
 .debug_line    0x000000000000023d       0x68 build/Regs.o
 .debug_line    0x00000000000002a5      0x126 build/Interrupt.o
 .debug_line    0x00000000000003cb      0x10d build/Uart.o
 .debug_line    0x00000000000004d8       0xe0 build/Timer.o
 .debug_line    0x00000000000005b8       0x80 build/stdlib.o
 .debug_line    0x0000000000000638      0x17b build/stdio.o
 .debug_line    0x00000000000007b3       0x6d build/armcpu.o
 .debug_line    0x0000000000000820       0x61 build/switch.o
 .debug_line    0x0000000000000881      0x12b build/task.o
 .debug_line    0x00000000000009ac      0x128 build/msg.o
 .debug_line    0x0000000000000ad4       0x8d build/event.o
 .debug_line    0x0000000000000b61      0x160 build/Kernel.o
 .debug_line    0x0000000000000cc1       0x74 /usr/lib/gcc/arm-none-eabi/9.2.1/libgcc.a(_udivsi3.o)
 .debug_line    0x0000000000000d35       0x57 /usr/lib/gcc/arm-none-eabi/9.2.1/libgcc.a(_dvmd_tls.o)

.debug_info     0x0000000000000000     0x3c4d
 .debug_info    0x0000000000000000       0x26 build/Entry.os
 .debug_info    0x0000000000000026      0x3a7 build/Main.o
 .debug_info    0x00000000000003cd       0x82 build/Handler.o
 .debug_info    0x000000000000044f     0x124d build/Regs.o
 .debug_info    0x000000000000169c      0x691 build/Interrupt.o
 .debug_info    0x0000000000001d2d      0xd08 build/Uart.o
 .debug_info    0x0000000000002a35      0x2c6 build/Timer.o
 .debug_info    0x0000000000002cfb       0xf0 build/stdlib.o
 .debug_info    0x0000000000002deb      0x2ad build/stdio.o
 .debug_info    0x0000000000003098       0x6e build/armcpu.o
 .debug_info    0x0000000000003106       0x94 build/switch.o
 .debug_info    0x000000000000319a      0x24d build/task.o
 .debug_info    0x00000000000033e7      0x23d build/msg.o
 .debug_info    0x0000000000003624      0x228 build/event.o
 .debug_info    0x000000000000384c      0x3b5 build/Kernel.o
 .debug_info    0x0000000000003c01       0x26 /usr/lib/gcc/arm-none-eabi/9.2.1/libgcc.a(_udivsi3.o)
 .debug_info    0x0000000000003c27       0x26 /usr/lib/gcc/arm-none-eabi/9.2.1/libgcc.a(_dvmd_tls.o)

.debug_abbrev   0x0000000000000000      0xe2c
 .debug_abbrev  0x0000000000000000       0x14 build/Entry.os
 .debug_abbrev  0x0000000000000014      0x117 build/Main.o
 .debug_abbrev  0x000000000000012b       0x5e build/Handler.o
 .debug_abbrev  0x0000000000000189      0x11a build/Regs.o
 .debug_abbrev  0x00000000000002a3      0x19c build/Interrupt.o
 .debug_abbrev  0x000000000000043f      0x1cd build/Uart.o
 .debug_abbrev  0x000000000000060c      0x132 build/Timer.o
 .debug_abbrev  0x000000000000073e       0xc3 build/stdlib.o
 .debug_abbrev  0x0000000000000801      0x131 build/stdio.o
 .debug_abbrev  0x0000000000000932       0x2e build/armcpu.o
 .debug_abbrev  0x0000000000000960       0x44 build/switch.o
 .debug_abbrev  0x00000000000009a4      0x149 build/task.o
 .debug_abbrev  0x0000000000000aed      0x12f build/msg.o
 .debug_abbrev  0x0000000000000c1c       0xdf build/event.o
 .debug_abbrev  0x0000000000000cfb      0x109 build/Kernel.o
 .debug_abbrev  0x0000000000000e04       0x14 /usr/lib/gcc/arm-none-eabi/9.2.1/libgcc.a(_udivsi3.o)
 .debug_abbrev  0x0000000000000e18       0x14 /usr/lib/gcc/arm-none-eabi/9.2.1/libgcc.a(_dvmd_tls.o)

.debug_aranges  0x0000000000000000      0x218
 .debug_aranges
                0x0000000000000000       0x20 build/Entry.os
 .debug_aranges
                0x0000000000000020       0x20 build/Main.o
 .debug_aranges
                0x0000000000000040       0x20 build/Handler.o
 .debug_aranges
                0x0000000000000060       0x18 build/Regs.o
 .debug_aranges
                0x0000000000000078       0x20 build/Interrupt.o
 .debug_aranges
                0x0000000000000098       0x20 build/Uart.o
 .debug_aranges
                0x00000000000000b8       0x20 build/Timer.o
 .debug_aranges
                0x00000000000000d8       0x20 build/stdlib.o
 .debug_aranges
                0x00000000000000f8       0x20 build/stdio.o
 .debug_aranges
                0x0000000000000118       0x20 build/armcpu.o
 .debug_aranges
                0x0000000000000138       0x20 build/switch.o
 .debug_aranges
                0x0000000000000158       0x20 build/task.o
 .debug_aranges
                0x0000000000000178       0x20 build/msg.o
 .debug_aranges
                0x0000000000000198       0x20 build/event.o
 .debug_aranges
                0x00000000000001b8       0x20 build/Kernel.o
 .debug_aranges
                0x00000000000001d8       0x20 /usr/lib/gcc/arm-none-eabi/9.2.1/libgcc.a(_udivsi3.o)
 .debug_aranges
                0x00000000000001f8       0x20 /usr/lib/gcc/arm-none-eabi/9.2.1/libgcc.a(_dvmd_tls.o)

.debug_str      0x0000000000000000     0x1178
 .debug_str     0x0000000000000000       0x57 build/Entry.os
 .debug_str     0x0000000000000057      0x558 build/Main.o
                                        0x5b4 (size before relaxing)
 .debug_str     0x00000000000005af       0x27 build/Handler.o
                                        0x154 (size before relaxing)
 .debug_str     0x00000000000005d6      0x5b4 build/Regs.o
                                        0x6f1 (size before relaxing)
 .debug_str     0x0000000000000b8a       0xbb build/Interrupt.o
                                        0x3f8 (size before relaxing)
 .debug_str     0x0000000000000c45       0x54 build/Uart.o
                                        0x853 (size before relaxing)
 .debug_str     0x0000000000000c99       0x5c build/Timer.o
                                        0x2a2 (size before relaxing)
 .debug_str     0x0000000000000cf5       0x25 build/stdlib.o
                                        0x163 (size before relaxing)
 .debug_str     0x0000000000000d1a       0x73 build/stdio.o
                                        0x1c3 (size before relaxing)
 .debug_str     0x0000000000000d8d       0x3b build/armcpu.o
                                         0xff (size before relaxing)
 .debug_str     0x0000000000000dc8       0x48 build/switch.o
                                        0x175 (size before relaxing)
 .debug_str     0x0000000000000e10      0x11e build/task.o
                                        0x25c (size before relaxing)
 .debug_str     0x0000000000000f2e       0xa8 build/msg.o
                                        0x23a (size before relaxing)
 .debug_str     0x0000000000000fd6       0x77 build/event.o
                                        0x534 (size before relaxing)
 .debug_str     0x000000000000104d       0xad build/Kernel.o
                                        0x5d5 (size before relaxing)
 .debug_str     0x00000000000010fa       0x7e /usr/lib/gcc/arm-none-eabi/9.2.1/libgcc.a(_udivsi3.o)
                                         0x8a (size before relaxing)
 .debug_str     0x0000000000001178       0x8a /usr/lib/gcc/arm-none-eabi/9.2.1/libgcc.a(_dvmd_tls.o)

.debug_frame    0x0000000000000000      0x794
 .debug_frame   0x0000000000000000      0x100 build/Main.o
 .debug_frame   0x0000000000000100       0x50 build/Handler.o
 .debug_frame   0x0000000000000150       0xb0 build/Interrupt.o
 .debug_frame   0x0000000000000200       0x8c build/Uart.o
 .debug_frame   0x000000000000028c       0x70 build/Timer.o
 .debug_frame   0x00000000000002fc       0x50 build/stdlib.o
 .debug_frame   0x000000000000034c       0xac build/stdio.o
 .debug_frame   0x00000000000003f8       0x90 build/armcpu.o
 .debug_frame   0x0000000000000488       0x40 build/switch.o
 .debug_frame   0x00000000000004c8       0xa4 build/task.o
 .debug_frame   0x000000000000056c       0xb0 build/msg.o
 .debug_frame   0x000000000000061c       0x90 build/event.o
 .debug_frame   0x00000000000006ac       0xc8 build/Kernel.o
 .debug_frame   0x0000000000000774       0x20 /usr/lib/gcc/arm-none-eabi/9.2.1/libgcc.a(_udivsi3.o)
