Archive member included to satisfy reference by file (symbol)

/usr/lib/gcc/arm-none-eabi/9.2.1/libgcc.a(_udivsi3.o)
                              build/stdio.o (__aeabi_uidiv)
/usr/lib/gcc/arm-none-eabi/9.2.1/libgcc.a(_dvmd_tls.o)
                              /usr/lib/gcc/arm-none-eabi/9.2.1/libgcc.a(_udivsi3.o) (__aeabi_idiv0)

Memory Configuration

Name             Origin             Length             Attributes
*default*        0x0000000000000000 0xffffffffffffffff

Linker script and memory map

LOAD build/Entry.os
LOAD build/Main.o
LOAD build/Handler.o
LOAD build/Regs.o
LOAD build/Interrupt.o
LOAD build/Uart.o
LOAD build/Timer.o
LOAD build/stdio.o
LOAD build/armcpu.o
LOAD /usr/lib/gcc/arm-none-eabi/9.2.1/libgcc.a
                0x0000000000000000                . = 0x0

.text           0x0000000000000000      0xf84
 *(vector_start)
 *(.text .rodata)
 .text          0x0000000000000000       0xd4 build/Entry.os
                0x0000000000000000                vector_start
                0x000000000000003c                vector_end
 .text          0x00000000000000d4      0x130 build/Main.o
                0x00000000000000d4                main
 .rodata        0x0000000000000204       0xad build/Main.o
 *fill*         0x00000000000002b1        0x3 
 .text          0x00000000000002b4       0x24 build/Handler.o
                0x00000000000002b4                Irq_Handler
                0x00000000000002d0                Fiq_Handler
 .text          0x00000000000002d8        0x0 build/Regs.o
 .text          0x00000000000002d8      0x2f8 build/Interrupt.o
                0x00000000000002d8                Hal_interrupt_init
                0x0000000000000374                Hal_interrupt_enable
                0x0000000000000440                Hal_interrupt_disable
                0x0000000000000514                Hal_interrupt_register_handler
                0x000000000000054c                Hal_interrupt_run_handler
 .text          0x00000000000005d0      0x1b4 build/Uart.o
                0x00000000000005d0                Hal_uart_init
                0x0000000000000670                Hal_uart_put_char
                0x00000000000006cc                Hal_uart_get_char
 .text          0x0000000000000784      0x1ec build/Timer.o
                0x0000000000000784                Hal_timer_init
 .text          0x0000000000000970      0x444 build/stdio.o
                0x0000000000000970                putstr
                0x00000000000009d0                debug_printf
                0x0000000000000a20                vsprintf
                0x0000000000000ca0                utoa
 .rodata        0x0000000000000db4        0x7 build/stdio.o
 *fill*         0x0000000000000dbb        0x1 
 .text          0x0000000000000dbc       0xb0 build/armcpu.o
                0x0000000000000dbc                enable_irq
                0x0000000000000de8                enable_fiq
                0x0000000000000e14                disable_irq
                0x0000000000000e40                disable_fiq
 .text          0x0000000000000e6c      0x114 /usr/lib/gcc/arm-none-eabi/9.2.1/libgcc.a(_udivsi3.o)
                0x0000000000000e6c                __udivsi3
                0x0000000000000e6c                __aeabi_uidiv
                0x0000000000000f60                __aeabi_uidivmod
 .text          0x0000000000000f80        0x4 /usr/lib/gcc/arm-none-eabi/9.2.1/libgcc.a(_dvmd_tls.o)
                0x0000000000000f80                __aeabi_ldiv0
                0x0000000000000f80                __aeabi_idiv0

.glue_7         0x0000000000000f84        0x0
 .glue_7        0x0000000000000f84        0x0 linker stubs

.glue_7t        0x0000000000000f84        0x0
 .glue_7t       0x0000000000000f84        0x0 linker stubs

.vfp11_veneer   0x0000000000000f84        0x0
 .vfp11_veneer  0x0000000000000f84        0x0 linker stubs

.v4_bx          0x0000000000000f84        0x0
 .v4_bx         0x0000000000000f84        0x0 linker stubs

.iplt           0x0000000000000f84        0x0
 .iplt          0x0000000000000f84        0x0 build/Entry.os

.rel.dyn        0x0000000000000f84        0x0
 .rel.iplt      0x0000000000000f84        0x0 build/Entry.os

.data           0x0000000000000f84        0xc
 *(.data)
 .data          0x0000000000000f84        0x0 build/Entry.os
 .data          0x0000000000000f84        0x0 build/Main.o
 .data          0x0000000000000f84        0x0 build/Handler.o
 .data          0x0000000000000f84        0xc build/Regs.o
                0x0000000000000f84                Uart
                0x0000000000000f88                GicCpu
                0x0000000000000f8c                GicDist
 .data          0x0000000000000f90        0x0 build/Interrupt.o
 .data          0x0000000000000f90        0x0 build/Uart.o
 .data          0x0000000000000f90        0x0 build/Timer.o
 .data          0x0000000000000f90        0x0 build/stdio.o
 .data          0x0000000000000f90        0x0 build/armcpu.o
 .data          0x0000000000000f90        0x0 /usr/lib/gcc/arm-none-eabi/9.2.1/libgcc.a(_udivsi3.o)
 .data          0x0000000000000f90        0x0 /usr/lib/gcc/arm-none-eabi/9.2.1/libgcc.a(_dvmd_tls.o)

.igot.plt       0x0000000000000f90        0x0
 .igot.plt      0x0000000000000f90        0x0 build/Entry.os

.bss            0x0000000000000f90      0x788
 *(.bss)
 .bss           0x0000000000000f90        0x0 build/Entry.os
 .bss           0x0000000000000f90        0x0 build/Main.o
 .bss           0x0000000000000f90        0x0 build/Handler.o
 .bss           0x0000000000000f90        0x0 build/Regs.o
 .bss           0x0000000000000f90      0x384 build/Interrupt.o
 .bss           0x0000000000001314        0x0 build/Uart.o
 .bss           0x0000000000001314        0x4 build/Timer.o
 .bss           0x0000000000001318      0x400 build/stdio.o
 .bss           0x0000000000001718        0x0 build/armcpu.o
 .bss           0x0000000000001718        0x0 /usr/lib/gcc/arm-none-eabi/9.2.1/libgcc.a(_udivsi3.o)
 .bss           0x0000000000001718        0x0 /usr/lib/gcc/arm-none-eabi/9.2.1/libgcc.a(_dvmd_tls.o)
OUTPUT(build/navilos.axf elf32-littlearm)
LOAD linker stubs

.ARM.attributes
                0x0000000000000000       0x2b
 .ARM.attributes
                0x0000000000000000       0x1d build/Entry.os
 .ARM.attributes
                0x000000000000001d       0x2f build/Main.o
 .ARM.attributes
                0x000000000000004c       0x2f build/Handler.o
 .ARM.attributes
                0x000000000000007b       0x2f build/Regs.o
 .ARM.attributes
                0x00000000000000aa       0x2f build/Interrupt.o
 .ARM.attributes
                0x00000000000000d9       0x2f build/Uart.o
 .ARM.attributes
                0x0000000000000108       0x2f build/Timer.o
 .ARM.attributes
                0x0000000000000137       0x2f build/stdio.o
 .ARM.attributes
                0x0000000000000166       0x2f build/armcpu.o
 .ARM.attributes
                0x0000000000000195       0x1c /usr/lib/gcc/arm-none-eabi/9.2.1/libgcc.a(_udivsi3.o)
 .ARM.attributes
                0x00000000000001b1       0x1c /usr/lib/gcc/arm-none-eabi/9.2.1/libgcc.a(_dvmd_tls.o)

.comment        0x0000000000000000       0x59
 .comment       0x0000000000000000       0x59 build/Main.o
                                         0x5a (size before relaxing)
 .comment       0x0000000000000059       0x5a build/Handler.o
 .comment       0x0000000000000059       0x5a build/Regs.o
 .comment       0x0000000000000059       0x5a build/Interrupt.o
 .comment       0x0000000000000059       0x5a build/Uart.o
 .comment       0x0000000000000059       0x5a build/Timer.o
 .comment       0x0000000000000059       0x5a build/stdio.o
 .comment       0x0000000000000059       0x5a build/armcpu.o

.debug_line     0x0000000000000000      0x747
 .debug_line    0x0000000000000000       0x6d build/Entry.os
 .debug_line    0x000000000000006d       0x92 build/Main.o
 .debug_line    0x00000000000000ff       0x4e build/Handler.o
 .debug_line    0x000000000000014d       0x5d build/Regs.o
 .debug_line    0x00000000000001aa      0x126 build/Interrupt.o
 .debug_line    0x00000000000002d0       0xed build/Uart.o
 .debug_line    0x00000000000003bd       0xd7 build/Timer.o
 .debug_line    0x0000000000000494      0x17b build/stdio.o
 .debug_line    0x000000000000060f       0x6d build/armcpu.o
 .debug_line    0x000000000000067c       0x74 /usr/lib/gcc/arm-none-eabi/9.2.1/libgcc.a(_udivsi3.o)
 .debug_line    0x00000000000006f0       0x57 /usr/lib/gcc/arm-none-eabi/9.2.1/libgcc.a(_dvmd_tls.o)

.debug_info     0x0000000000000000     0x2a63
 .debug_info    0x0000000000000000       0x26 build/Entry.os
 .debug_info    0x0000000000000026      0x100 build/Main.o
 .debug_info    0x0000000000000126       0x82 build/Handler.o
 .debug_info    0x00000000000001a8     0x1047 build/Regs.o
 .debug_info    0x00000000000011ef      0x691 build/Interrupt.o
 .debug_info    0x0000000000001880      0xbcc build/Uart.o
 .debug_info    0x000000000000244c      0x2b0 build/Timer.o
 .debug_info    0x00000000000026fc      0x2ad build/stdio.o
 .debug_info    0x00000000000029a9       0x6e build/armcpu.o
 .debug_info    0x0000000000002a17       0x26 /usr/lib/gcc/arm-none-eabi/9.2.1/libgcc.a(_udivsi3.o)
 .debug_info    0x0000000000002a3d       0x26 /usr/lib/gcc/arm-none-eabi/9.2.1/libgcc.a(_dvmd_tls.o)

.debug_abbrev   0x0000000000000000      0x812
 .debug_abbrev  0x0000000000000000       0x14 build/Entry.os
 .debug_abbrev  0x0000000000000014       0xb0 build/Main.o
 .debug_abbrev  0x00000000000000c4       0x5e build/Handler.o
 .debug_abbrev  0x0000000000000122      0x11a build/Regs.o
 .debug_abbrev  0x000000000000023c      0x19c build/Interrupt.o
 .debug_abbrev  0x00000000000003d8      0x19d build/Uart.o
 .debug_abbrev  0x0000000000000575      0x116 build/Timer.o
 .debug_abbrev  0x000000000000068b      0x131 build/stdio.o
 .debug_abbrev  0x00000000000007bc       0x2e build/armcpu.o
 .debug_abbrev  0x00000000000007ea       0x14 /usr/lib/gcc/arm-none-eabi/9.2.1/libgcc.a(_udivsi3.o)
 .debug_abbrev  0x00000000000007fe       0x14 /usr/lib/gcc/arm-none-eabi/9.2.1/libgcc.a(_dvmd_tls.o)

.debug_aranges  0x0000000000000000      0x158
 .debug_aranges
                0x0000000000000000       0x20 build/Entry.os
 .debug_aranges
                0x0000000000000020       0x20 build/Main.o
 .debug_aranges
                0x0000000000000040       0x20 build/Handler.o
 .debug_aranges
                0x0000000000000060       0x18 build/Regs.o
 .debug_aranges
                0x0000000000000078       0x20 build/Interrupt.o
 .debug_aranges
                0x0000000000000098       0x20 build/Uart.o
 .debug_aranges
                0x00000000000000b8       0x20 build/Timer.o
 .debug_aranges
                0x00000000000000d8       0x20 build/stdio.o
 .debug_aranges
                0x00000000000000f8       0x20 build/armcpu.o
 .debug_aranges
                0x0000000000000118       0x20 /usr/lib/gcc/arm-none-eabi/9.2.1/libgcc.a(_udivsi3.o)
 .debug_aranges
                0x0000000000000138       0x20 /usr/lib/gcc/arm-none-eabi/9.2.1/libgcc.a(_dvmd_tls.o)

.debug_str      0x0000000000000000      0x9d6
 .debug_str     0x0000000000000000       0x57 build/Entry.os
 .debug_str     0x0000000000000057      0x115 build/Main.o
                                        0x171 (size before relaxing)
 .debug_str     0x000000000000016c       0x27 build/Handler.o
                                        0x154 (size before relaxing)
 .debug_str     0x0000000000000193      0x4ce build/Regs.o
                                        0x60b (size before relaxing)
 .debug_str     0x0000000000000661       0xbb build/Interrupt.o
                                        0x3f8 (size before relaxing)
 .debug_str     0x000000000000071c       0x61 build/Uart.o
                                        0x489 (size before relaxing)
 .debug_str     0x000000000000077d      0x128 build/Timer.o
                                        0x288 (size before relaxing)
 .debug_str     0x00000000000008a5       0x78 build/stdio.o
                                        0x1c3 (size before relaxing)
 .debug_str     0x000000000000091d       0x3b build/armcpu.o
                                         0xff (size before relaxing)
 .debug_str     0x0000000000000958       0x7e /usr/lib/gcc/arm-none-eabi/9.2.1/libgcc.a(_udivsi3.o)
                                         0x8a (size before relaxing)
 .debug_str     0x00000000000009d6       0x8a /usr/lib/gcc/arm-none-eabi/9.2.1/libgcc.a(_dvmd_tls.o)

.debug_frame    0x0000000000000000      0x3a0
 .debug_frame   0x0000000000000000       0x68 build/Main.o
 .debug_frame   0x0000000000000068       0x50 build/Handler.o
 .debug_frame   0x00000000000000b8       0xb0 build/Interrupt.o
 .debug_frame   0x0000000000000168       0x8c build/Uart.o
 .debug_frame   0x00000000000001f4       0x50 build/Timer.o
 .debug_frame   0x0000000000000244       0xac build/stdio.o
 .debug_frame   0x00000000000002f0       0x90 build/armcpu.o
 .debug_frame   0x0000000000000380       0x20 /usr/lib/gcc/arm-none-eabi/9.2.1/libgcc.a(_udivsi3.o)
