Archive member included to satisfy reference by file (symbol)

/usr/lib/gcc/arm-none-eabi/9.2.1/libgcc.a(_udivsi3.o)
                              build/stdio.o (__aeabi_uidiv)
/usr/lib/gcc/arm-none-eabi/9.2.1/libgcc.a(_dvmd_tls.o)
                              /usr/lib/gcc/arm-none-eabi/9.2.1/libgcc.a(_udivsi3.o) (__aeabi_idiv0)

Allocating common symbols
Common symbol       size              file

gCurrent_tcb        0x4               build/task.o
gNext_tcb           0x4               build/task.o

Memory Configuration

Name             Origin             Length             Attributes
*default*        0x0000000000000000 0xffffffffffffffff

Linker script and memory map

LOAD build/Entry.os
LOAD build/Main.o
LOAD build/Handler.o
LOAD build/Regs.o
LOAD build/Interrupt.o
LOAD build/Uart.o
LOAD build/Timer.o
LOAD build/stdlib.o
LOAD build/stdio.o
LOAD build/armcpu.o
LOAD build/switch.o
LOAD build/task.o
LOAD build/msg.o
LOAD build/event.o
LOAD build/synch.o
LOAD build/Kernel.o
LOAD /usr/lib/gcc/arm-none-eabi/9.2.1/libgcc.a
                0x0000000000000000                . = 0x0

.text           0x0000000000000000     0x22f0
 *(vector_start)
 *(.text .rodata)
 .text          0x0000000000000000       0xd4 build/Entry.os
                0x0000000000000000                vector_start
                0x000000000000003c                vector_end
 .text          0x00000000000000d4      0x4e8 build/Main.o
                0x00000000000000d4                main
                0x0000000000000390                User_task0
                0x00000000000004a8                User_task1
                0x0000000000000580                User_task2
 .rodata        0x00000000000005bc      0x16a build/Main.o
 *fill*         0x0000000000000726        0x2 
 .text          0x0000000000000728       0x24 build/Handler.o
                0x0000000000000728                Irq_Handler
                0x0000000000000744                Fiq_Handler
 .text          0x000000000000074c        0x0 build/Regs.o
 .text          0x000000000000074c      0x2f8 build/Interrupt.o
                0x000000000000074c                Hal_interrupt_init
                0x00000000000007e8                Hal_interrupt_enable
                0x00000000000008b4                Hal_interrupt_disable
                0x0000000000000988                Hal_interrupt_register_handler
                0x00000000000009c0                Hal_interrupt_run_handler
 .text          0x0000000000000a44      0x1fc build/Uart.o
                0x0000000000000a44                Hal_uart_init
                0x0000000000000ae4                Hal_uart_put_char
                0x0000000000000b40                Hal_uart_get_char
 .text          0x0000000000000c40      0x210 build/Timer.o
                0x0000000000000c40                Hal_timer_init
                0x0000000000000de4                Hal_timer_get_1ms_counter
 .text          0x0000000000000e50       0xa8 build/stdlib.o
                0x0000000000000e50                delay
                0x0000000000000e9c                memclr
 .text          0x0000000000000ef8      0x444 build/stdio.o
                0x0000000000000ef8                putstr
                0x0000000000000f58                debug_printf
                0x0000000000000fa8                vsprintf
                0x0000000000001228                utoa
 .rodata        0x000000000000133c        0x7 build/stdio.o
 *fill*         0x0000000000001343        0x1 
 .text          0x0000000000001344       0xb0 build/armcpu.o
                0x0000000000001344                enable_irq
                0x0000000000001370                enable_fiq
                0x000000000000139c                disable_irq
                0x00000000000013c8                disable_fiq
 .text          0x00000000000013f4       0x54 build/switch.o
                0x00000000000013f4                Kernel_task_context_switching
                0x0000000000001400                Save_context
                0x0000000000001420                Restore_context
 .text          0x0000000000001448      0x2d0 build/task.o
                0x0000000000001448                Kernel_task_init
                0x0000000000001554                Kernel_task_create
                0x00000000000015e8                Kernel_task_scheduler
                0x0000000000001638                Kernel_task_start
                0x00000000000016f4                Kernel_task_get_current_task_id
 .text          0x0000000000001718      0x41c build/msg.o
                0x0000000000001718                Kernel_msgQ_init
                0x00000000000017c4                Kernel_msgQ_is_empty
                0x000000000000184c                Kernel_msgQ_is_full
                0x00000000000018dc                Kernel_msgQ_enqueue
                0x0000000000001a14                Kernel_msgQ_dequeue
 .text          0x0000000000001b34       0xf8 build/event.o
                0x0000000000001b34                Kernel_event_flag_init
                0x0000000000001b5c                Kernel_event_flag_set
                0x0000000000001b9c                Kernel_event_flag_clear
                0x0000000000001be0                Kernel_event_flag_check
 .text          0x0000000000001c2c      0x224 build/synch.o
                0x0000000000001c2c                Kernel_sem_init
                0x0000000000001ca4                Kernel_sem_test
                0x0000000000001cf8                Kernel_sem_release
                0x0000000000001d64                Kernel_mutex_init
                0x0000000000001d9c                Kernel_mutex_lock
                0x0000000000001dfc                Kernel_mutex_unlock
 .text          0x0000000000001e50      0x388 build/Kernel.o
                0x0000000000001e50                Kernel_start
                0x0000000000001e64                Kernel_yield
                0x0000000000001e78                Kernel_send_events
                0x0000000000001f00                Kernel_wait_events
                0x0000000000001f9c                Kernel_send_msg
                0x0000000000002074                Kernel_recv_msg
                0x0000000000002108                Kernel_lock_sem
                0x000000000000213c                Kernel_unlock_sem
                0x0000000000002150                Kernel_lock_mutex
                0x0000000000002198                Kernel_unlock_mutex
 .text          0x00000000000021d8      0x114 /usr/lib/gcc/arm-none-eabi/9.2.1/libgcc.a(_udivsi3.o)
                0x00000000000021d8                __udivsi3
                0x00000000000021d8                __aeabi_uidiv
                0x00000000000022cc                __aeabi_uidivmod
 .text          0x00000000000022ec        0x4 /usr/lib/gcc/arm-none-eabi/9.2.1/libgcc.a(_dvmd_tls.o)
                0x00000000000022ec                __aeabi_ldiv0
                0x00000000000022ec                __aeabi_idiv0

.glue_7         0x00000000000022f0        0x0
 .glue_7        0x00000000000022f0        0x0 linker stubs

.glue_7t        0x00000000000022f0        0x0
 .glue_7t       0x00000000000022f0        0x0 linker stubs

.vfp11_veneer   0x00000000000022f0        0x0
 .vfp11_veneer  0x00000000000022f0        0x0 linker stubs

.v4_bx          0x00000000000022f0        0x0
 .v4_bx         0x00000000000022f0        0x0 linker stubs

.iplt           0x00000000000022f0        0x0
 .iplt          0x00000000000022f0        0x0 build/Entry.os

.rel.dyn        0x00000000000022f0        0x0
 .rel.iplt      0x00000000000022f0        0x0 build/Entry.os

.data           0x00000000000022f0       0x10
 *(.data)
 .data          0x00000000000022f0        0x0 build/Entry.os
 .data          0x00000000000022f0        0x0 build/Main.o
 .data          0x00000000000022f0        0x0 build/Handler.o
 .data          0x00000000000022f0       0x10 build/Regs.o
                0x00000000000022f0                Uart
                0x00000000000022f4                GicCpu
                0x00000000000022f8                GicDist
                0x00000000000022fc                Timer
 .data          0x0000000000002300        0x0 build/Interrupt.o
 .data          0x0000000000002300        0x0 build/Uart.o
 .data          0x0000000000002300        0x0 build/Timer.o
 .data          0x0000000000002300        0x0 build/stdlib.o
 .data          0x0000000000002300        0x0 build/stdio.o
 .data          0x0000000000002300        0x0 build/armcpu.o
 .data          0x0000000000002300        0x0 build/switch.o
 .data          0x0000000000002300        0x0 build/task.o
 .data          0x0000000000002300        0x0 build/msg.o
 .data          0x0000000000002300        0x0 build/event.o
 .data          0x0000000000002300        0x0 build/synch.o
 .data          0x0000000000002300        0x0 build/Kernel.o
 .data          0x0000000000002300        0x0 /usr/lib/gcc/arm-none-eabi/9.2.1/libgcc.a(_udivsi3.o)
 .data          0x0000000000002300        0x0 /usr/lib/gcc/arm-none-eabi/9.2.1/libgcc.a(_dvmd_tls.o)

.igot.plt       0x0000000000002300        0x0
 .igot.plt      0x0000000000002300        0x0 build/Entry.os

.bss            0x0000000000002300      0xfc8
 *(.bss)
 .bss           0x0000000000002300        0x0 build/Entry.os
 .bss           0x0000000000002300        0x4 build/Main.o
 .bss           0x0000000000002304        0x0 build/Handler.o
 .bss           0x0000000000002304        0x0 build/Regs.o
 .bss           0x0000000000002304      0x384 build/Interrupt.o
 .bss           0x0000000000002688        0x0 build/Uart.o
 .bss           0x0000000000002688        0x4 build/Timer.o
 .bss           0x000000000000268c        0x0 build/stdlib.o
 .bss           0x000000000000268c      0x400 build/stdio.o
 .bss           0x0000000000002a8c        0x0 build/armcpu.o
 .bss           0x0000000000002a8c        0x0 build/switch.o
 .bss           0x0000000000002a8c      0x208 build/task.o
 .bss           0x0000000000002c94      0x618 build/msg.o
 .bss           0x00000000000032ac        0x4 build/event.o
 .bss           0x00000000000032b0       0x10 build/synch.o
 .bss           0x00000000000032c0        0x0 build/Kernel.o
 .bss           0x00000000000032c0        0x0 /usr/lib/gcc/arm-none-eabi/9.2.1/libgcc.a(_udivsi3.o)
 .bss           0x00000000000032c0        0x0 /usr/lib/gcc/arm-none-eabi/9.2.1/libgcc.a(_dvmd_tls.o)
 COMMON         0x00000000000032c0        0x8 build/task.o
                0x00000000000032c0                gCurrent_tcb
                0x00000000000032c4                gNext_tcb
OUTPUT(build/navilos.axf elf32-littlearm)
LOAD linker stubs

.ARM.attributes
                0x0000000000000000       0x2b
 .ARM.attributes
                0x0000000000000000       0x1d build/Entry.os
 .ARM.attributes
                0x000000000000001d       0x2f build/Main.o
 .ARM.attributes
                0x000000000000004c       0x2f build/Handler.o
 .ARM.attributes
                0x000000000000007b       0x2f build/Regs.o
 .ARM.attributes
                0x00000000000000aa       0x2f build/Interrupt.o
 .ARM.attributes
                0x00000000000000d9       0x2f build/Uart.o
 .ARM.attributes
                0x0000000000000108       0x2f build/Timer.o
 .ARM.attributes
                0x0000000000000137       0x2f build/stdlib.o
 .ARM.attributes
                0x0000000000000166       0x2f build/stdio.o
 .ARM.attributes
                0x0000000000000195       0x2f build/armcpu.o
 .ARM.attributes
                0x00000000000001c4       0x2f build/switch.o
 .ARM.attributes
                0x00000000000001f3       0x2f build/task.o
 .ARM.attributes
                0x0000000000000222       0x2f build/msg.o
 .ARM.attributes
                0x0000000000000251       0x2f build/event.o
 .ARM.attributes
                0x0000000000000280       0x2f build/synch.o
 .ARM.attributes
                0x00000000000002af       0x2f build/Kernel.o
 .ARM.attributes
                0x00000000000002de       0x1c /usr/lib/gcc/arm-none-eabi/9.2.1/libgcc.a(_udivsi3.o)
 .ARM.attributes
                0x00000000000002fa       0x1c /usr/lib/gcc/arm-none-eabi/9.2.1/libgcc.a(_dvmd_tls.o)

.comment        0x0000000000000000       0x59
 .comment       0x0000000000000000       0x59 build/Main.o
                                         0x5a (size before relaxing)
 .comment       0x0000000000000059       0x5a build/Handler.o
 .comment       0x0000000000000059       0x5a build/Regs.o
 .comment       0x0000000000000059       0x5a build/Interrupt.o
 .comment       0x0000000000000059       0x5a build/Uart.o
 .comment       0x0000000000000059       0x5a build/Timer.o
 .comment       0x0000000000000059       0x5a build/stdlib.o
 .comment       0x0000000000000059       0x5a build/stdio.o
 .comment       0x0000000000000059       0x5a build/armcpu.o
 .comment       0x0000000000000059       0x5a build/switch.o
 .comment       0x0000000000000059       0x5a build/task.o
 .comment       0x0000000000000059       0x5a build/msg.o
 .comment       0x0000000000000059       0x5a build/event.o
 .comment       0x0000000000000059       0x5a build/synch.o
 .comment       0x0000000000000059       0x5a build/Kernel.o

.debug_line     0x0000000000000000      0xeff
 .debug_line    0x0000000000000000       0x6d build/Entry.os
 .debug_line    0x000000000000006d      0x19b build/Main.o
 .debug_line    0x0000000000000208       0x4e build/Handler.o
 .debug_line    0x0000000000000256       0x68 build/Regs.o
 .debug_line    0x00000000000002be      0x126 build/Interrupt.o
 .debug_line    0x00000000000003e4      0x121 build/Uart.o
 .debug_line    0x0000000000000505       0xe0 build/Timer.o
 .debug_line    0x00000000000005e5       0x80 build/stdlib.o
 .debug_line    0x0000000000000665      0x17b build/stdio.o
 .debug_line    0x00000000000007e0       0x6d build/armcpu.o
 .debug_line    0x000000000000084d       0x61 build/switch.o
 .debug_line    0x00000000000008ae      0x134 build/task.o
 .debug_line    0x00000000000009e2      0x128 build/msg.o
 .debug_line    0x0000000000000b0a       0x8d build/event.o
 .debug_line    0x0000000000000b97       0xf1 build/synch.o
 .debug_line    0x0000000000000c88      0x1ac build/Kernel.o
 .debug_line    0x0000000000000e34       0x74 /usr/lib/gcc/arm-none-eabi/9.2.1/libgcc.a(_udivsi3.o)
 .debug_line    0x0000000000000ea8       0x57 /usr/lib/gcc/arm-none-eabi/9.2.1/libgcc.a(_dvmd_tls.o)

.debug_info     0x0000000000000000     0x3ec3
 .debug_info    0x0000000000000000       0x26 build/Entry.os
 .debug_info    0x0000000000000026      0x3f3 build/Main.o
 .debug_info    0x0000000000000419       0x82 build/Handler.o
 .debug_info    0x000000000000049b     0x124d build/Regs.o
 .debug_info    0x00000000000016e8      0x691 build/Interrupt.o
 .debug_info    0x0000000000001d79      0xd0f build/Uart.o
 .debug_info    0x0000000000002a88      0x2c6 build/Timer.o
 .debug_info    0x0000000000002d4e       0xf0 build/stdlib.o
 .debug_info    0x0000000000002e3e      0x2ad build/stdio.o
 .debug_info    0x00000000000030eb       0x6e build/armcpu.o
 .debug_info    0x0000000000003159       0x94 build/switch.o
 .debug_info    0x00000000000031ed      0x263 build/task.o
 .debug_info    0x0000000000003450      0x23d build/msg.o
 .debug_info    0x000000000000368d      0x228 build/event.o
 .debug_info    0x00000000000038b5      0x197 build/synch.o
 .debug_info    0x0000000000003a4c      0x42b build/Kernel.o
 .debug_info    0x0000000000003e77       0x26 /usr/lib/gcc/arm-none-eabi/9.2.1/libgcc.a(_udivsi3.o)
 .debug_info    0x0000000000003e9d       0x26 /usr/lib/gcc/arm-none-eabi/9.2.1/libgcc.a(_dvmd_tls.o)

.debug_abbrev   0x0000000000000000      0xf6d
 .debug_abbrev  0x0000000000000000       0x14 build/Entry.os
 .debug_abbrev  0x0000000000000014      0x139 build/Main.o
 .debug_abbrev  0x000000000000014d       0x5e build/Handler.o
 .debug_abbrev  0x00000000000001ab      0x11a build/Regs.o
 .debug_abbrev  0x00000000000002c5      0x19c build/Interrupt.o
 .debug_abbrev  0x0000000000000461      0x1cd build/Uart.o
 .debug_abbrev  0x000000000000062e      0x132 build/Timer.o
 .debug_abbrev  0x0000000000000760       0xc3 build/stdlib.o
 .debug_abbrev  0x0000000000000823      0x131 build/stdio.o
 .debug_abbrev  0x0000000000000954       0x2e build/armcpu.o
 .debug_abbrev  0x0000000000000982       0x44 build/switch.o
 .debug_abbrev  0x00000000000009c6      0x165 build/task.o
 .debug_abbrev  0x0000000000000b2b      0x12f build/msg.o
 .debug_abbrev  0x0000000000000c5a       0xdf build/event.o
 .debug_abbrev  0x0000000000000d39       0xfc build/synch.o
 .debug_abbrev  0x0000000000000e35      0x110 build/Kernel.o
 .debug_abbrev  0x0000000000000f45       0x14 /usr/lib/gcc/arm-none-eabi/9.2.1/libgcc.a(_udivsi3.o)
 .debug_abbrev  0x0000000000000f59       0x14 /usr/lib/gcc/arm-none-eabi/9.2.1/libgcc.a(_dvmd_tls.o)

.debug_aranges  0x0000000000000000      0x238
 .debug_aranges
                0x0000000000000000       0x20 build/Entry.os
 .debug_aranges
                0x0000000000000020       0x20 build/Main.o
 .debug_aranges
                0x0000000000000040       0x20 build/Handler.o
 .debug_aranges
                0x0000000000000060       0x18 build/Regs.o
 .debug_aranges
                0x0000000000000078       0x20 build/Interrupt.o
 .debug_aranges
                0x0000000000000098       0x20 build/Uart.o
 .debug_aranges
                0x00000000000000b8       0x20 build/Timer.o
 .debug_aranges
                0x00000000000000d8       0x20 build/stdlib.o
 .debug_aranges
                0x00000000000000f8       0x20 build/stdio.o
 .debug_aranges
                0x0000000000000118       0x20 build/armcpu.o
 .debug_aranges
                0x0000000000000138       0x20 build/switch.o
 .debug_aranges
                0x0000000000000158       0x20 build/task.o
 .debug_aranges
                0x0000000000000178       0x20 build/msg.o
 .debug_aranges
                0x0000000000000198       0x20 build/event.o
 .debug_aranges
                0x00000000000001b8       0x20 build/synch.o
 .debug_aranges
                0x00000000000001d8       0x20 build/Kernel.o
 .debug_aranges
                0x00000000000001f8       0x20 /usr/lib/gcc/arm-none-eabi/9.2.1/libgcc.a(_udivsi3.o)
 .debug_aranges
                0x0000000000000218       0x20 /usr/lib/gcc/arm-none-eabi/9.2.1/libgcc.a(_dvmd_tls.o)

.debug_str      0x0000000000000000     0x12bd
 .debug_str     0x0000000000000000       0x57 build/Entry.os
 .debug_str     0x0000000000000057      0x57d build/Main.o
                                        0x5d9 (size before relaxing)
 .debug_str     0x00000000000005d4       0x27 build/Handler.o
                                        0x154 (size before relaxing)
 .debug_str     0x00000000000005fb      0x5b4 build/Regs.o
                                        0x6f1 (size before relaxing)
 .debug_str     0x0000000000000baf       0xbb build/Interrupt.o
                                        0x3f8 (size before relaxing)
 .debug_str     0x0000000000000c6a       0x54 build/Uart.o
                                        0x855 (size before relaxing)
 .debug_str     0x0000000000000cbe       0x5c build/Timer.o
                                        0x2a2 (size before relaxing)
 .debug_str     0x0000000000000d1a       0x25 build/stdlib.o
                                        0x163 (size before relaxing)
 .debug_str     0x0000000000000d3f       0x73 build/stdio.o
                                        0x1c3 (size before relaxing)
 .debug_str     0x0000000000000db2       0x3b build/armcpu.o
                                         0xff (size before relaxing)
 .debug_str     0x0000000000000ded       0x48 build/switch.o
                                        0x175 (size before relaxing)
 .debug_str     0x0000000000000e35      0x13e build/task.o
                                        0x27c (size before relaxing)
 .debug_str     0x0000000000000f73       0xa2 build/msg.o
                                        0x23a (size before relaxing)
 .debug_str     0x0000000000001015       0x92 build/event.o
                                        0x534 (size before relaxing)
 .debug_str     0x00000000000010a7       0xa3 build/synch.o
                                        0x1ec (size before relaxing)
 .debug_str     0x000000000000114a       0xf5 build/Kernel.o
                                        0x629 (size before relaxing)
 .debug_str     0x000000000000123f       0x7e /usr/lib/gcc/arm-none-eabi/9.2.1/libgcc.a(_udivsi3.o)
                                         0x8a (size before relaxing)
 .debug_str     0x00000000000012bd       0x8a /usr/lib/gcc/arm-none-eabi/9.2.1/libgcc.a(_dvmd_tls.o)

.debug_frame    0x0000000000000000      0x91c
 .debug_frame   0x0000000000000000      0x120 build/Main.o
 .debug_frame   0x0000000000000120       0x50 build/Handler.o
 .debug_frame   0x0000000000000170       0xb0 build/Interrupt.o
 .debug_frame   0x0000000000000220       0x8c build/Uart.o
 .debug_frame   0x00000000000002ac       0x70 build/Timer.o
 .debug_frame   0x000000000000031c       0x50 build/stdlib.o
 .debug_frame   0x000000000000036c       0xac build/stdio.o
 .debug_frame   0x0000000000000418       0x90 build/armcpu.o
 .debug_frame   0x00000000000004a8       0x40 build/switch.o
 .debug_frame   0x00000000000004e8       0xc4 build/task.o
 .debug_frame   0x00000000000005ac       0xb0 build/msg.o
 .debug_frame   0x000000000000065c       0x90 build/event.o
 .debug_frame   0x00000000000006ec       0xd0 build/synch.o
 .debug_frame   0x00000000000007bc      0x140 build/Kernel.o
 .debug_frame   0x00000000000008fc       0x20 /usr/lib/gcc/arm-none-eabi/9.2.1/libgcc.a(_udivsi3.o)

.debug_ranges   0x0000000000000000       0x18
 .debug_ranges  0x0000000000000000       0x18 build/Kernel.o
