Archive member included to satisfy reference by file (symbol)

/usr/lib/gcc/arm-none-eabi/9.2.1/libgcc.a(_udivsi3.o)
                              build/stdio.o (__aeabi_uidiv)
/usr/lib/gcc/arm-none-eabi/9.2.1/libgcc.a(_dvmd_tls.o)
                              /usr/lib/gcc/arm-none-eabi/9.2.1/libgcc.a(_udivsi3.o) (__aeabi_idiv0)

Allocating common symbols
Common symbol       size              file

gCurrent_tcb        0x4               build/task.o
gNext_tcb           0x4               build/task.o

Memory Configuration

Name             Origin             Length             Attributes
*default*        0x0000000000000000 0xffffffffffffffff

Linker script and memory map

LOAD build/Entry.os
LOAD build/Main.o
LOAD build/Handler.o
LOAD build/Regs.o
LOAD build/Interrupt.o
LOAD build/Uart.o
LOAD build/Timer.o
LOAD build/stdlib.o
LOAD build/stdio.o
LOAD build/armcpu.o
LOAD build/switch.o
LOAD build/task.o
LOAD build/Kernel.o
LOAD /usr/lib/gcc/arm-none-eabi/9.2.1/libgcc.a
                0x0000000000000000                . = 0x0

.text           0x0000000000000000     0x153c
 *(vector_start)
 *(.text .rodata)
 .text          0x0000000000000000       0xd4 build/Entry.os
                0x0000000000000000                vector_start
                0x000000000000003c                vector_end
 .text          0x00000000000000d4      0x2dc build/Main.o
                0x00000000000000d4                main
                0x0000000000000308                User_task0
                0x0000000000000340                User_task1
                0x0000000000000378                User_task2
 .rodata        0x00000000000003b0      0x122 build/Main.o
 *fill*         0x00000000000004d2        0x2 
 .text          0x00000000000004d4       0x24 build/Handler.o
                0x00000000000004d4                Irq_Handler
                0x00000000000004f0                Fiq_Handler
 .text          0x00000000000004f8        0x0 build/Regs.o
 .text          0x00000000000004f8      0x2f8 build/Interrupt.o
                0x00000000000004f8                Hal_interrupt_init
                0x0000000000000594                Hal_interrupt_enable
                0x0000000000000660                Hal_interrupt_disable
                0x0000000000000734                Hal_interrupt_register_handler
                0x000000000000076c                Hal_interrupt_run_handler
 .text          0x00000000000007f0      0x1b4 build/Uart.o
                0x00000000000007f0                Hal_uart_init
                0x0000000000000890                Hal_uart_put_char
                0x00000000000008ec                Hal_uart_get_char
 .text          0x00000000000009a4      0x210 build/Timer.o
                0x00000000000009a4                Hal_timer_init
                0x0000000000000b48                Hal_timer_get_1ms_counter
 .text          0x0000000000000bb4       0x4c build/stdlib.o
                0x0000000000000bb4                delay
 .text          0x0000000000000c00      0x444 build/stdio.o
                0x0000000000000c00                putstr
                0x0000000000000c60                debug_printf
                0x0000000000000cb0                vsprintf
                0x0000000000000f30                utoa
 .rodata        0x0000000000001044        0x7 build/stdio.o
 *fill*         0x000000000000104b        0x1 
 .text          0x000000000000104c       0xb0 build/armcpu.o
                0x000000000000104c                enable_irq
                0x0000000000001078                enable_fiq
                0x00000000000010a4                disable_irq
                0x00000000000010d0                disable_fiq
 .text          0x00000000000010fc       0x54 build/switch.o
                0x00000000000010fc                Kernel_task_context_switching
                0x0000000000001108                Save_context
                0x0000000000001128                Restore_context
 .text          0x0000000000001150      0x2ac build/task.o
                0x0000000000001150                Kernel_task_init
                0x000000000000125c                Kernel_task_create
                0x00000000000012f0                Kernel_task_scheduler
                0x0000000000001340                Kernel_task_start
 .text          0x00000000000013fc       0x28 build/Kernel.o
                0x00000000000013fc                Kernel_start
                0x0000000000001410                Kernel_yield
 .text          0x0000000000001424      0x114 /usr/lib/gcc/arm-none-eabi/9.2.1/libgcc.a(_udivsi3.o)
                0x0000000000001424                __udivsi3
                0x0000000000001424                __aeabi_uidiv
                0x0000000000001518                __aeabi_uidivmod
 .text          0x0000000000001538        0x4 /usr/lib/gcc/arm-none-eabi/9.2.1/libgcc.a(_dvmd_tls.o)
                0x0000000000001538                __aeabi_ldiv0
                0x0000000000001538                __aeabi_idiv0

.glue_7         0x000000000000153c        0x0
 .glue_7        0x000000000000153c        0x0 linker stubs

.glue_7t        0x000000000000153c        0x0
 .glue_7t       0x000000000000153c        0x0 linker stubs

.vfp11_veneer   0x000000000000153c        0x0
 .vfp11_veneer  0x000000000000153c        0x0 linker stubs

.v4_bx          0x000000000000153c        0x0
 .v4_bx         0x000000000000153c        0x0 linker stubs

.iplt           0x000000000000153c        0x0
 .iplt          0x000000000000153c        0x0 build/Entry.os

.rel.dyn        0x000000000000153c        0x0
 .rel.iplt      0x000000000000153c        0x0 build/Entry.os

.data           0x000000000000153c       0x10
 *(.data)
 .data          0x000000000000153c        0x0 build/Entry.os
 .data          0x000000000000153c        0x0 build/Main.o
 .data          0x000000000000153c        0x0 build/Handler.o
 .data          0x000000000000153c       0x10 build/Regs.o
                0x000000000000153c                Uart
                0x0000000000001540                GicCpu
                0x0000000000001544                GicDist
                0x0000000000001548                Timer
 .data          0x000000000000154c        0x0 build/Interrupt.o
 .data          0x000000000000154c        0x0 build/Uart.o
 .data          0x000000000000154c        0x0 build/Timer.o
 .data          0x000000000000154c        0x0 build/stdlib.o
 .data          0x000000000000154c        0x0 build/stdio.o
 .data          0x000000000000154c        0x0 build/armcpu.o
 .data          0x000000000000154c        0x0 build/switch.o
 .data          0x000000000000154c        0x0 build/task.o
 .data          0x000000000000154c        0x0 build/Kernel.o
 .data          0x000000000000154c        0x0 /usr/lib/gcc/arm-none-eabi/9.2.1/libgcc.a(_udivsi3.o)
 .data          0x000000000000154c        0x0 /usr/lib/gcc/arm-none-eabi/9.2.1/libgcc.a(_dvmd_tls.o)

.igot.plt       0x000000000000154c        0x0
 .igot.plt      0x000000000000154c        0x0 build/Entry.os

.bss            0x000000000000154c      0x998
 *(.bss)
 .bss           0x000000000000154c        0x0 build/Entry.os
 .bss           0x000000000000154c        0x0 build/Main.o
 .bss           0x000000000000154c        0x0 build/Handler.o
 .bss           0x000000000000154c        0x0 build/Regs.o
 .bss           0x000000000000154c      0x384 build/Interrupt.o
 .bss           0x00000000000018d0        0x0 build/Uart.o
 .bss           0x00000000000018d0        0x4 build/Timer.o
 .bss           0x00000000000018d4        0x0 build/stdlib.o
 .bss           0x00000000000018d4      0x400 build/stdio.o
 .bss           0x0000000000001cd4        0x0 build/armcpu.o
 .bss           0x0000000000001cd4        0x0 build/switch.o
 .bss           0x0000000000001cd4      0x208 build/task.o
 .bss           0x0000000000001edc        0x0 build/Kernel.o
 .bss           0x0000000000001edc        0x0 /usr/lib/gcc/arm-none-eabi/9.2.1/libgcc.a(_udivsi3.o)
 .bss           0x0000000000001edc        0x0 /usr/lib/gcc/arm-none-eabi/9.2.1/libgcc.a(_dvmd_tls.o)
 COMMON         0x0000000000001edc        0x8 build/task.o
                0x0000000000001edc                gCurrent_tcb
                0x0000000000001ee0                gNext_tcb
OUTPUT(build/navilos.axf elf32-littlearm)
LOAD linker stubs

.ARM.attributes
                0x0000000000000000       0x2b
 .ARM.attributes
                0x0000000000000000       0x1d build/Entry.os
 .ARM.attributes
                0x000000000000001d       0x2f build/Main.o
 .ARM.attributes
                0x000000000000004c       0x2f build/Handler.o
 .ARM.attributes
                0x000000000000007b       0x2f build/Regs.o
 .ARM.attributes
                0x00000000000000aa       0x2f build/Interrupt.o
 .ARM.attributes
                0x00000000000000d9       0x2f build/Uart.o
 .ARM.attributes
                0x0000000000000108       0x2f build/Timer.o
 .ARM.attributes
                0x0000000000000137       0x2f build/stdlib.o
 .ARM.attributes
                0x0000000000000166       0x2f build/stdio.o
 .ARM.attributes
                0x0000000000000195       0x2f build/armcpu.o
 .ARM.attributes
                0x00000000000001c4       0x2f build/switch.o
 .ARM.attributes
                0x00000000000001f3       0x2f build/task.o
 .ARM.attributes
                0x0000000000000222       0x2f build/Kernel.o
 .ARM.attributes
                0x0000000000000251       0x1c /usr/lib/gcc/arm-none-eabi/9.2.1/libgcc.a(_udivsi3.o)
 .ARM.attributes
                0x000000000000026d       0x1c /usr/lib/gcc/arm-none-eabi/9.2.1/libgcc.a(_dvmd_tls.o)

.comment        0x0000000000000000       0x59
 .comment       0x0000000000000000       0x59 build/Main.o
                                         0x5a (size before relaxing)
 .comment       0x0000000000000059       0x5a build/Handler.o
 .comment       0x0000000000000059       0x5a build/Regs.o
 .comment       0x0000000000000059       0x5a build/Interrupt.o
 .comment       0x0000000000000059       0x5a build/Uart.o
 .comment       0x0000000000000059       0x5a build/Timer.o
 .comment       0x0000000000000059       0x5a build/stdlib.o
 .comment       0x0000000000000059       0x5a build/stdio.o
 .comment       0x0000000000000059       0x5a build/armcpu.o
 .comment       0x0000000000000059       0x5a build/switch.o
 .comment       0x0000000000000059       0x5a build/task.o
 .comment       0x0000000000000059       0x5a build/Kernel.o

.debug_line     0x0000000000000000      0xa3d
 .debug_line    0x0000000000000000       0x6d build/Entry.os
 .debug_line    0x000000000000006d      0x130 build/Main.o
 .debug_line    0x000000000000019d       0x4e build/Handler.o
 .debug_line    0x00000000000001eb       0x68 build/Regs.o
 .debug_line    0x0000000000000253      0x126 build/Interrupt.o
 .debug_line    0x0000000000000379       0xed build/Uart.o
 .debug_line    0x0000000000000466       0xe0 build/Timer.o
 .debug_line    0x0000000000000546       0x6a build/stdlib.o
 .debug_line    0x00000000000005b0      0x17b build/stdio.o
 .debug_line    0x000000000000072b       0x6d build/armcpu.o
 .debug_line    0x0000000000000798       0x61 build/switch.o
 .debug_line    0x00000000000007f9      0x12b build/task.o
 .debug_line    0x0000000000000924       0x4e build/Kernel.o
 .debug_line    0x0000000000000972       0x74 /usr/lib/gcc/arm-none-eabi/9.2.1/libgcc.a(_udivsi3.o)
 .debug_line    0x00000000000009e6       0x57 /usr/lib/gcc/arm-none-eabi/9.2.1/libgcc.a(_dvmd_tls.o)

.debug_info     0x0000000000000000     0x3142
 .debug_info    0x0000000000000000       0x26 build/Entry.os
 .debug_info    0x0000000000000026      0x1c6 build/Main.o
 .debug_info    0x00000000000001ec       0x82 build/Handler.o
 .debug_info    0x000000000000026e     0x124d build/Regs.o
 .debug_info    0x00000000000014bb      0x691 build/Interrupt.o
 .debug_info    0x0000000000001b4c      0xbcc build/Uart.o
 .debug_info    0x0000000000002718      0x2c6 build/Timer.o
 .debug_info    0x00000000000029de       0x9a build/stdlib.o
 .debug_info    0x0000000000002a78      0x2ad build/stdio.o
 .debug_info    0x0000000000002d25       0x6e build/armcpu.o
 .debug_info    0x0000000000002d93       0x94 build/switch.o
 .debug_info    0x0000000000002e27      0x24d build/task.o
 .debug_info    0x0000000000003074       0x82 build/Kernel.o
 .debug_info    0x00000000000030f6       0x26 /usr/lib/gcc/arm-none-eabi/9.2.1/libgcc.a(_udivsi3.o)
 .debug_info    0x000000000000311c       0x26 /usr/lib/gcc/arm-none-eabi/9.2.1/libgcc.a(_dvmd_tls.o)

.debug_abbrev   0x0000000000000000      0xa99
 .debug_abbrev  0x0000000000000000       0x14 build/Entry.os
 .debug_abbrev  0x0000000000000014       0xd5 build/Main.o
 .debug_abbrev  0x00000000000000e9       0x5e build/Handler.o
 .debug_abbrev  0x0000000000000147      0x11a build/Regs.o
 .debug_abbrev  0x0000000000000261      0x19c build/Interrupt.o
 .debug_abbrev  0x00000000000003fd      0x19d build/Uart.o
 .debug_abbrev  0x000000000000059a      0x132 build/Timer.o
 .debug_abbrev  0x00000000000006cc       0x75 build/stdlib.o
 .debug_abbrev  0x0000000000000741      0x131 build/stdio.o
 .debug_abbrev  0x0000000000000872       0x2e build/armcpu.o
 .debug_abbrev  0x00000000000008a0       0x44 build/switch.o
 .debug_abbrev  0x00000000000008e4      0x149 build/task.o
 .debug_abbrev  0x0000000000000a2d       0x44 build/Kernel.o
 .debug_abbrev  0x0000000000000a71       0x14 /usr/lib/gcc/arm-none-eabi/9.2.1/libgcc.a(_udivsi3.o)
 .debug_abbrev  0x0000000000000a85       0x14 /usr/lib/gcc/arm-none-eabi/9.2.1/libgcc.a(_dvmd_tls.o)

.debug_aranges  0x0000000000000000      0x1d8
 .debug_aranges
                0x0000000000000000       0x20 build/Entry.os
 .debug_aranges
                0x0000000000000020       0x20 build/Main.o
 .debug_aranges
                0x0000000000000040       0x20 build/Handler.o
 .debug_aranges
                0x0000000000000060       0x18 build/Regs.o
 .debug_aranges
                0x0000000000000078       0x20 build/Interrupt.o
 .debug_aranges
                0x0000000000000098       0x20 build/Uart.o
 .debug_aranges
                0x00000000000000b8       0x20 build/Timer.o
 .debug_aranges
                0x00000000000000d8       0x20 build/stdlib.o
 .debug_aranges
                0x00000000000000f8       0x20 build/stdio.o
 .debug_aranges
                0x0000000000000118       0x20 build/armcpu.o
 .debug_aranges
                0x0000000000000138       0x20 build/switch.o
 .debug_aranges
                0x0000000000000158       0x20 build/task.o
 .debug_aranges
                0x0000000000000178       0x20 build/Kernel.o
 .debug_aranges
                0x0000000000000198       0x20 /usr/lib/gcc/arm-none-eabi/9.2.1/libgcc.a(_udivsi3.o)
 .debug_aranges
                0x00000000000001b8       0x20 /usr/lib/gcc/arm-none-eabi/9.2.1/libgcc.a(_dvmd_tls.o)

.debug_str      0x0000000000000000      0xbd8
 .debug_str     0x0000000000000000       0x57 build/Entry.os
 .debug_str     0x0000000000000057      0x15a build/Main.o
                                        0x1b6 (size before relaxing)
 .debug_str     0x00000000000001b1       0x27 build/Handler.o
                                        0x154 (size before relaxing)
 .debug_str     0x00000000000001d8      0x5b4 build/Regs.o
                                        0x6f1 (size before relaxing)
 .debug_str     0x000000000000078c       0xbb build/Interrupt.o
                                        0x3f8 (size before relaxing)
 .debug_str     0x0000000000000847       0x61 build/Uart.o
                                        0x489 (size before relaxing)
 .debug_str     0x00000000000008a8       0x5c build/Timer.o
                                        0x2a2 (size before relaxing)
 .debug_str     0x0000000000000904       0x18 build/stdlib.o
                                        0x14e (size before relaxing)
 .debug_str     0x000000000000091c       0x73 build/stdio.o
                                        0x1c3 (size before relaxing)
 .debug_str     0x000000000000098f       0x3b build/armcpu.o
                                         0xff (size before relaxing)
 .debug_str     0x00000000000009ca       0x48 build/switch.o
                                        0x175 (size before relaxing)
 .debug_str     0x0000000000000a12      0x11e build/task.o
                                        0x25c (size before relaxing)
 .debug_str     0x0000000000000b30       0x2a build/Kernel.o
                                        0x157 (size before relaxing)
 .debug_str     0x0000000000000b5a       0x7e /usr/lib/gcc/arm-none-eabi/9.2.1/libgcc.a(_udivsi3.o)
                                         0x8a (size before relaxing)
 .debug_str     0x0000000000000bd8       0x8a /usr/lib/gcc/arm-none-eabi/9.2.1/libgcc.a(_dvmd_tls.o)

.debug_frame    0x0000000000000000      0x5b4
 .debug_frame   0x0000000000000000      0x100 build/Main.o
 .debug_frame   0x0000000000000100       0x50 build/Handler.o
 .debug_frame   0x0000000000000150       0xb0 build/Interrupt.o
 .debug_frame   0x0000000000000200       0x8c build/Uart.o
 .debug_frame   0x000000000000028c       0x70 build/Timer.o
 .debug_frame   0x00000000000002fc       0x30 build/stdlib.o
 .debug_frame   0x000000000000032c       0xac build/stdio.o
 .debug_frame   0x00000000000003d8       0x90 build/armcpu.o
 .debug_frame   0x0000000000000468       0x40 build/switch.o
 .debug_frame   0x00000000000004a8       0xa4 build/task.o
 .debug_frame   0x000000000000054c       0x48 build/Kernel.o
 .debug_frame   0x0000000000000594       0x20 /usr/lib/gcc/arm-none-eabi/9.2.1/libgcc.a(_udivsi3.o)
