Archive member included to satisfy reference by file (symbol)

/usr/lib/gcc/arm-none-eabi/9.2.1/libgcc.a(_udivsi3.o)
                              build/stdio.o (__aeabi_uidiv)
/usr/lib/gcc/arm-none-eabi/9.2.1/libgcc.a(_dvmd_tls.o)
                              /usr/lib/gcc/arm-none-eabi/9.2.1/libgcc.a(_udivsi3.o) (__aeabi_idiv0)

Allocating common symbols
Common symbol       size              file

gCurrent_tcb        0x4               build/task.o
gNext_tcb           0x4               build/task.o

Memory Configuration

Name             Origin             Length             Attributes
*default*        0x0000000000000000 0xffffffffffffffff

Linker script and memory map

LOAD build/Entry.os
LOAD build/Main.o
LOAD build/Handler.o
LOAD build/Regs.o
LOAD build/Interrupt.o
LOAD build/Uart.o
LOAD build/Timer.o
LOAD build/stdlib.o
LOAD build/stdio.o
LOAD build/armcpu.o
LOAD build/switch.o
LOAD build/task.o
LOAD build/msg.o
LOAD build/event.o
LOAD build/synch.o
LOAD build/Kernel.o
LOAD /usr/lib/gcc/arm-none-eabi/9.2.1/libgcc.a
                0x0000000000000000                . = 0x0

.text           0x0000000000000000     0x212c
 *(vector_start)
 *(.text .rodata)
 .text          0x0000000000000000       0xd4 build/Entry.os
                0x0000000000000000                vector_start
                0x000000000000003c                vector_end
 .text          0x00000000000000d4      0x4d0 build/Main.o
                0x00000000000000d4                main
                0x0000000000000390                User_task0
                0x00000000000004a8                User_task1
                0x0000000000000568                User_task2
 .rodata        0x00000000000005a4      0x16a build/Main.o
 *fill*         0x000000000000070e        0x2 
 .text          0x0000000000000710       0x24 build/Handler.o
                0x0000000000000710                Irq_Handler
                0x000000000000072c                Fiq_Handler
 .text          0x0000000000000734        0x0 build/Regs.o
 .text          0x0000000000000734      0x2f8 build/Interrupt.o
                0x0000000000000734                Hal_interrupt_init
                0x00000000000007d0                Hal_interrupt_enable
                0x000000000000089c                Hal_interrupt_disable
                0x0000000000000970                Hal_interrupt_register_handler
                0x00000000000009a8                Hal_interrupt_run_handler
 .text          0x0000000000000a2c      0x1e8 build/Uart.o
                0x0000000000000a2c                Hal_uart_init
                0x0000000000000acc                Hal_uart_put_char
                0x0000000000000b28                Hal_uart_get_char
 .text          0x0000000000000c14      0x210 build/Timer.o
                0x0000000000000c14                Hal_timer_init
                0x0000000000000db8                Hal_timer_get_1ms_counter
 .text          0x0000000000000e24       0xa8 build/stdlib.o
                0x0000000000000e24                delay
                0x0000000000000e70                memclr
 .text          0x0000000000000ecc      0x444 build/stdio.o
                0x0000000000000ecc                putstr
                0x0000000000000f2c                debug_printf
                0x0000000000000f7c                vsprintf
                0x00000000000011fc                utoa
 .rodata        0x0000000000001310        0x7 build/stdio.o
 *fill*         0x0000000000001317        0x1 
 .text          0x0000000000001318       0xb0 build/armcpu.o
                0x0000000000001318                enable_irq
                0x0000000000001344                enable_fiq
                0x0000000000001370                disable_irq
                0x000000000000139c                disable_fiq
 .text          0x00000000000013c8       0x54 build/switch.o
                0x00000000000013c8                Kernel_task_context_switching
                0x00000000000013d4                Save_context
                0x00000000000013f4                Restore_context
 .text          0x000000000000141c      0x2ac build/task.o
                0x000000000000141c                Kernel_task_init
                0x0000000000001528                Kernel_task_create
                0x00000000000015bc                Kernel_task_scheduler
                0x000000000000160c                Kernel_task_start
 .text          0x00000000000016c8      0x41c build/msg.o
                0x00000000000016c8                Kernel_msgQ_init
                0x0000000000001774                Kernel_msgQ_is_empty
                0x00000000000017fc                Kernel_msgQ_is_full
                0x000000000000188c                Kernel_msgQ_enqueue
                0x00000000000019c4                Kernel_msgQ_dequeue
 .text          0x0000000000001ae4       0xf8 build/event.o
                0x0000000000001ae4                Kernel_event_flag_init
                0x0000000000001b0c                Kernel_event_flag_set
                0x0000000000001b4c                Kernel_event_flag_clear
                0x0000000000001b90                Kernel_event_flag_check
 .text          0x0000000000001bdc      0x138 build/synch.o
                0x0000000000001bdc                Kernel_sem_init
                0x0000000000001c54                Kernel_sem_test
                0x0000000000001ca8                Kernel_sem_release
 .text          0x0000000000001d14      0x300 build/Kernel.o
                0x0000000000001d14                Kernel_start
                0x0000000000001d28                Kernel_yield
                0x0000000000001d3c                Kernel_send_events
                0x0000000000001dc4                Kernel_wait_events
                0x0000000000001e60                Kernel_send_msg
                0x0000000000001f38                Kernel_recv_msg
                0x0000000000001fcc                Kernel_lock_sem
                0x0000000000002000                Kernel_unlock_sem
 .text          0x0000000000002014      0x114 /usr/lib/gcc/arm-none-eabi/9.2.1/libgcc.a(_udivsi3.o)
                0x0000000000002014                __udivsi3
                0x0000000000002014                __aeabi_uidiv
                0x0000000000002108                __aeabi_uidivmod
 .text          0x0000000000002128        0x4 /usr/lib/gcc/arm-none-eabi/9.2.1/libgcc.a(_dvmd_tls.o)
                0x0000000000002128                __aeabi_ldiv0
                0x0000000000002128                __aeabi_idiv0

.glue_7         0x000000000000212c        0x0
 .glue_7        0x000000000000212c        0x0 linker stubs

.glue_7t        0x000000000000212c        0x0
 .glue_7t       0x000000000000212c        0x0 linker stubs

.vfp11_veneer   0x000000000000212c        0x0
 .vfp11_veneer  0x000000000000212c        0x0 linker stubs

.v4_bx          0x000000000000212c        0x0
 .v4_bx         0x000000000000212c        0x0 linker stubs

.iplt           0x000000000000212c        0x0
 .iplt          0x000000000000212c        0x0 build/Entry.os

.rel.dyn        0x000000000000212c        0x0
 .rel.iplt      0x000000000000212c        0x0 build/Entry.os

.data           0x000000000000212c       0x10
 *(.data)
 .data          0x000000000000212c        0x0 build/Entry.os
 .data          0x000000000000212c        0x0 build/Main.o
 .data          0x000000000000212c        0x0 build/Handler.o
 .data          0x000000000000212c       0x10 build/Regs.o
                0x000000000000212c                Uart
                0x0000000000002130                GicCpu
                0x0000000000002134                GicDist
                0x0000000000002138                Timer
 .data          0x000000000000213c        0x0 build/Interrupt.o
 .data          0x000000000000213c        0x0 build/Uart.o
 .data          0x000000000000213c        0x0 build/Timer.o
 .data          0x000000000000213c        0x0 build/stdlib.o
 .data          0x000000000000213c        0x0 build/stdio.o
 .data          0x000000000000213c        0x0 build/armcpu.o
 .data          0x000000000000213c        0x0 build/switch.o
 .data          0x000000000000213c        0x0 build/task.o
 .data          0x000000000000213c        0x0 build/msg.o
 .data          0x000000000000213c        0x0 build/event.o
 .data          0x000000000000213c        0x0 build/synch.o
 .data          0x000000000000213c        0x0 build/Kernel.o
 .data          0x000000000000213c        0x0 /usr/lib/gcc/arm-none-eabi/9.2.1/libgcc.a(_udivsi3.o)
 .data          0x000000000000213c        0x0 /usr/lib/gcc/arm-none-eabi/9.2.1/libgcc.a(_dvmd_tls.o)

.igot.plt       0x000000000000213c        0x0
 .igot.plt      0x000000000000213c        0x0 build/Entry.os

.bss            0x000000000000213c      0xfc0
 *(.bss)
 .bss           0x000000000000213c        0x0 build/Entry.os
 .bss           0x000000000000213c        0x4 build/Main.o
 .bss           0x0000000000002140        0x0 build/Handler.o
 .bss           0x0000000000002140        0x0 build/Regs.o
 .bss           0x0000000000002140      0x384 build/Interrupt.o
 .bss           0x00000000000024c4        0x0 build/Uart.o
 .bss           0x00000000000024c4        0x4 build/Timer.o
 .bss           0x00000000000024c8        0x0 build/stdlib.o
 .bss           0x00000000000024c8      0x400 build/stdio.o
 .bss           0x00000000000028c8        0x0 build/armcpu.o
 .bss           0x00000000000028c8        0x0 build/switch.o
 .bss           0x00000000000028c8      0x208 build/task.o
 .bss           0x0000000000002ad0      0x618 build/msg.o
 .bss           0x00000000000030e8        0x4 build/event.o
 .bss           0x00000000000030ec        0x8 build/synch.o
 .bss           0x00000000000030f4        0x0 build/Kernel.o
 .bss           0x00000000000030f4        0x0 /usr/lib/gcc/arm-none-eabi/9.2.1/libgcc.a(_udivsi3.o)
 .bss           0x00000000000030f4        0x0 /usr/lib/gcc/arm-none-eabi/9.2.1/libgcc.a(_dvmd_tls.o)
 COMMON         0x00000000000030f4        0x8 build/task.o
                0x00000000000030f4                gCurrent_tcb
                0x00000000000030f8                gNext_tcb
OUTPUT(build/navilos.axf elf32-littlearm)
LOAD linker stubs

.ARM.attributes
                0x0000000000000000       0x2b
 .ARM.attributes
                0x0000000000000000       0x1d build/Entry.os
 .ARM.attributes
                0x000000000000001d       0x2f build/Main.o
 .ARM.attributes
                0x000000000000004c       0x2f build/Handler.o
 .ARM.attributes
                0x000000000000007b       0x2f build/Regs.o
 .ARM.attributes
                0x00000000000000aa       0x2f build/Interrupt.o
 .ARM.attributes
                0x00000000000000d9       0x2f build/Uart.o
 .ARM.attributes
                0x0000000000000108       0x2f build/Timer.o
 .ARM.attributes
                0x0000000000000137       0x2f build/stdlib.o
 .ARM.attributes
                0x0000000000000166       0x2f build/stdio.o
 .ARM.attributes
                0x0000000000000195       0x2f build/armcpu.o
 .ARM.attributes
                0x00000000000001c4       0x2f build/switch.o
 .ARM.attributes
                0x00000000000001f3       0x2f build/task.o
 .ARM.attributes
                0x0000000000000222       0x2f build/msg.o
 .ARM.attributes
                0x0000000000000251       0x2f build/event.o
 .ARM.attributes
                0x0000000000000280       0x2f build/synch.o
 .ARM.attributes
                0x00000000000002af       0x2f build/Kernel.o
 .ARM.attributes
                0x00000000000002de       0x1c /usr/lib/gcc/arm-none-eabi/9.2.1/libgcc.a(_udivsi3.o)
 .ARM.attributes
                0x00000000000002fa       0x1c /usr/lib/gcc/arm-none-eabi/9.2.1/libgcc.a(_dvmd_tls.o)

.comment        0x0000000000000000       0x59
 .comment       0x0000000000000000       0x59 build/Main.o
                                         0x5a (size before relaxing)
 .comment       0x0000000000000059       0x5a build/Handler.o
 .comment       0x0000000000000059       0x5a build/Regs.o
 .comment       0x0000000000000059       0x5a build/Interrupt.o
 .comment       0x0000000000000059       0x5a build/Uart.o
 .comment       0x0000000000000059       0x5a build/Timer.o
 .comment       0x0000000000000059       0x5a build/stdlib.o
 .comment       0x0000000000000059       0x5a build/stdio.o
 .comment       0x0000000000000059       0x5a build/armcpu.o
 .comment       0x0000000000000059       0x5a build/switch.o
 .comment       0x0000000000000059       0x5a build/task.o
 .comment       0x0000000000000059       0x5a build/msg.o
 .comment       0x0000000000000059       0x5a build/event.o
 .comment       0x0000000000000059       0x5a build/synch.o
 .comment       0x0000000000000059       0x5a build/Kernel.o

.debug_line     0x0000000000000000      0xe78
 .debug_line    0x0000000000000000       0x6d build/Entry.os
 .debug_line    0x000000000000006d      0x199 build/Main.o
 .debug_line    0x0000000000000206       0x4e build/Handler.o
 .debug_line    0x0000000000000254       0x68 build/Regs.o
 .debug_line    0x00000000000002bc      0x126 build/Interrupt.o
 .debug_line    0x00000000000003e2      0x119 build/Uart.o
 .debug_line    0x00000000000004fb       0xe0 build/Timer.o
 .debug_line    0x00000000000005db       0x80 build/stdlib.o
 .debug_line    0x000000000000065b      0x17b build/stdio.o
 .debug_line    0x00000000000007d6       0x6d build/armcpu.o
 .debug_line    0x0000000000000843       0x61 build/switch.o
 .debug_line    0x00000000000008a4      0x12b build/task.o
 .debug_line    0x00000000000009cf      0x128 build/msg.o
 .debug_line    0x0000000000000af7       0x8d build/event.o
 .debug_line    0x0000000000000b84       0xab build/synch.o
 .debug_line    0x0000000000000c2f      0x17e build/Kernel.o
 .debug_line    0x0000000000000dad       0x74 /usr/lib/gcc/arm-none-eabi/9.2.1/libgcc.a(_udivsi3.o)
 .debug_line    0x0000000000000e21       0x57 /usr/lib/gcc/arm-none-eabi/9.2.1/libgcc.a(_dvmd_tls.o)

.debug_info     0x0000000000000000     0x3d95
 .debug_info    0x0000000000000000       0x26 build/Entry.os
 .debug_info    0x0000000000000026      0x3ec build/Main.o
 .debug_info    0x0000000000000412       0x82 build/Handler.o
 .debug_info    0x0000000000000494     0x124d build/Regs.o
 .debug_info    0x00000000000016e1      0x691 build/Interrupt.o
 .debug_info    0x0000000000001d72      0xd08 build/Uart.o
 .debug_info    0x0000000000002a7a      0x2c6 build/Timer.o
 .debug_info    0x0000000000002d40       0xf0 build/stdlib.o
 .debug_info    0x0000000000002e30      0x2ad build/stdio.o
 .debug_info    0x00000000000030dd       0x6e build/armcpu.o
 .debug_info    0x000000000000314b       0x94 build/switch.o
 .debug_info    0x00000000000031df      0x24d build/task.o
 .debug_info    0x000000000000342c      0x23d build/msg.o
 .debug_info    0x0000000000003669      0x228 build/event.o
 .debug_info    0x0000000000003891       0xdf build/synch.o
 .debug_info    0x0000000000003970      0x3d9 build/Kernel.o
 .debug_info    0x0000000000003d49       0x26 /usr/lib/gcc/arm-none-eabi/9.2.1/libgcc.a(_udivsi3.o)
 .debug_info    0x0000000000003d6f       0x26 /usr/lib/gcc/arm-none-eabi/9.2.1/libgcc.a(_dvmd_tls.o)

.debug_abbrev   0x0000000000000000      0xef9
 .debug_abbrev  0x0000000000000000       0x14 build/Entry.os
 .debug_abbrev  0x0000000000000014      0x139 build/Main.o
 .debug_abbrev  0x000000000000014d       0x5e build/Handler.o
 .debug_abbrev  0x00000000000001ab      0x11a build/Regs.o
 .debug_abbrev  0x00000000000002c5      0x19c build/Interrupt.o
 .debug_abbrev  0x0000000000000461      0x1cd build/Uart.o
 .debug_abbrev  0x000000000000062e      0x132 build/Timer.o
 .debug_abbrev  0x0000000000000760       0xc3 build/stdlib.o
 .debug_abbrev  0x0000000000000823      0x131 build/stdio.o
 .debug_abbrev  0x0000000000000954       0x2e build/armcpu.o
 .debug_abbrev  0x0000000000000982       0x44 build/switch.o
 .debug_abbrev  0x00000000000009c6      0x149 build/task.o
 .debug_abbrev  0x0000000000000b0f      0x12f build/msg.o
 .debug_abbrev  0x0000000000000c3e       0xdf build/event.o
 .debug_abbrev  0x0000000000000d1d       0xab build/synch.o
 .debug_abbrev  0x0000000000000dc8      0x109 build/Kernel.o
 .debug_abbrev  0x0000000000000ed1       0x14 /usr/lib/gcc/arm-none-eabi/9.2.1/libgcc.a(_udivsi3.o)
 .debug_abbrev  0x0000000000000ee5       0x14 /usr/lib/gcc/arm-none-eabi/9.2.1/libgcc.a(_dvmd_tls.o)

.debug_aranges  0x0000000000000000      0x238
 .debug_aranges
                0x0000000000000000       0x20 build/Entry.os
 .debug_aranges
                0x0000000000000020       0x20 build/Main.o
 .debug_aranges
                0x0000000000000040       0x20 build/Handler.o
 .debug_aranges
                0x0000000000000060       0x18 build/Regs.o
 .debug_aranges
                0x0000000000000078       0x20 build/Interrupt.o
 .debug_aranges
                0x0000000000000098       0x20 build/Uart.o
 .debug_aranges
                0x00000000000000b8       0x20 build/Timer.o
 .debug_aranges
                0x00000000000000d8       0x20 build/stdlib.o
 .debug_aranges
                0x00000000000000f8       0x20 build/stdio.o
 .debug_aranges
                0x0000000000000118       0x20 build/armcpu.o
 .debug_aranges
                0x0000000000000138       0x20 build/switch.o
 .debug_aranges
                0x0000000000000158       0x20 build/task.o
 .debug_aranges
                0x0000000000000178       0x20 build/msg.o
 .debug_aranges
                0x0000000000000198       0x20 build/event.o
 .debug_aranges
                0x00000000000001b8       0x20 build/synch.o
 .debug_aranges
                0x00000000000001d8       0x20 build/Kernel.o
 .debug_aranges
                0x00000000000001f8       0x20 /usr/lib/gcc/arm-none-eabi/9.2.1/libgcc.a(_udivsi3.o)
 .debug_aranges
                0x0000000000000218       0x20 /usr/lib/gcc/arm-none-eabi/9.2.1/libgcc.a(_dvmd_tls.o)

.debug_str      0x0000000000000000     0x120c
 .debug_str     0x0000000000000000       0x57 build/Entry.os
 .debug_str     0x0000000000000057      0x57b build/Main.o
                                        0x5d7 (size before relaxing)
 .debug_str     0x00000000000005d2       0x27 build/Handler.o
                                        0x154 (size before relaxing)
 .debug_str     0x00000000000005f9      0x5b4 build/Regs.o
                                        0x6f1 (size before relaxing)
 .debug_str     0x0000000000000bad       0xbb build/Interrupt.o
                                        0x3f8 (size before relaxing)
 .debug_str     0x0000000000000c68       0x54 build/Uart.o
                                        0x853 (size before relaxing)
 .debug_str     0x0000000000000cbc       0x5c build/Timer.o
                                        0x2a2 (size before relaxing)
 .debug_str     0x0000000000000d18       0x25 build/stdlib.o
                                        0x163 (size before relaxing)
 .debug_str     0x0000000000000d3d       0x73 build/stdio.o
                                        0x1c3 (size before relaxing)
 .debug_str     0x0000000000000db0       0x3b build/armcpu.o
                                         0xff (size before relaxing)
 .debug_str     0x0000000000000deb       0x48 build/switch.o
                                        0x175 (size before relaxing)
 .debug_str     0x0000000000000e33      0x11e build/task.o
                                        0x25c (size before relaxing)
 .debug_str     0x0000000000000f51       0xa8 build/msg.o
                                        0x23a (size before relaxing)
 .debug_str     0x0000000000000ff9       0x77 build/event.o
                                        0x534 (size before relaxing)
 .debug_str     0x0000000000001070       0x4f build/synch.o
                                        0x18a (size before relaxing)
 .debug_str     0x00000000000010bf       0xcf build/Kernel.o
                                        0x5f7 (size before relaxing)
 .debug_str     0x000000000000118e       0x7e /usr/lib/gcc/arm-none-eabi/9.2.1/libgcc.a(_udivsi3.o)
                                         0x8a (size before relaxing)
 .debug_str     0x000000000000120c       0x8a /usr/lib/gcc/arm-none-eabi/9.2.1/libgcc.a(_dvmd_tls.o)

.debug_frame    0x0000000000000000      0x85c
 .debug_frame   0x0000000000000000      0x120 build/Main.o
 .debug_frame   0x0000000000000120       0x50 build/Handler.o
 .debug_frame   0x0000000000000170       0xb0 build/Interrupt.o
 .debug_frame   0x0000000000000220       0x8c build/Uart.o
 .debug_frame   0x00000000000002ac       0x70 build/Timer.o
 .debug_frame   0x000000000000031c       0x50 build/stdlib.o
 .debug_frame   0x000000000000036c       0xac build/stdio.o
 .debug_frame   0x0000000000000418       0x90 build/armcpu.o
 .debug_frame   0x00000000000004a8       0x40 build/switch.o
 .debug_frame   0x00000000000004e8       0xa4 build/task.o
 .debug_frame   0x000000000000058c       0xb0 build/msg.o
 .debug_frame   0x000000000000063c       0x90 build/event.o
 .debug_frame   0x00000000000006cc       0x70 build/synch.o
 .debug_frame   0x000000000000073c      0x100 build/Kernel.o
 .debug_frame   0x000000000000083c       0x20 /usr/lib/gcc/arm-none-eabi/9.2.1/libgcc.a(_udivsi3.o)
